{"level":"info","message":"Hello from Catalyst!","service":"catalyst-api"}
{"level":"info","message":"Hello from Catalyst!","service":"catalyst-api"}
{"level":"info","message":"Hello from Catalyst!","service":"catalyst-api"}
{"level":"info","message":"Hello from Catalyst!","service":"catalyst-api"}
{"level":"info","message":"Hello from Catalyst!","service":"catalyst-api"}
{"level":"info","message":"Hello from Catalyst!","service":"catalyst-api"}
{"level":"info","message":"Hello from Catalyst!","service":"catalyst-api"}
{"level":"info","message":"Hello from Catalyst!","service":"catalyst-api"}
{"level":"info","message":"::1 - - [02/Dec/2025:23:10:36 +0000] \"GET / HTTP/1.1\" 304 - \"-\" \"Mozilla/5.0 (X11; Linux x86_64) AppleWebKit/537.36 (KHTML, like Gecko) Chrome/142.0.0.0 Safari/537.36\"","service":"catalyst-api"}
{"level":"info","message":"Hello from Catalyst!","service":"catalyst-api"}
{"level":"info","message":"::1 - - [02/Dec/2025:23:38:26 +0000] \"GET / HTTP/1.1\" 304 - \"-\" \"Mozilla/5.0 (X11; Linux x86_64) AppleWebKit/537.36 (KHTML, like Gecko) Chrome/142.0.0.0 Safari/537.36\"","service":"catalyst-api"}
{"level":"info","message":"Hello from Catalyst!","service":"catalyst-api"}
{"level":"info","message":"::1 - - [03/Dec/2025:14:00:00 +0000] \"GET / HTTP/1.1\" 304 - \"-\" \"Mozilla/5.0 (X11; Linux x86_64) AppleWebKit/537.36 (KHTML, like Gecko) Chrome/142.0.0.0 Safari/537.36\"","service":"catalyst-api"}
{"level":"info","message":"Hello from Catalyst!","service":"catalyst-api"}
{"level":"info","message":"::1 - - [05/Dec/2025:09:12:28 +0000] \"GET / HTTP/1.1\" 200 24 \"-\" \"Mozilla/5.0 (X11; Linux x86_64) AppleWebKit/537.36 (KHTML, like Gecko) Chrome/142.0.0.0 Safari/537.36\"","service":"catalyst-api"}
{"level":"info","message":"::1 - - [05/Dec/2025:09:12:28 +0000] \"GET /favicon.ico HTTP/1.1\" 404 150 \"-\" \"Mozilla/5.0 (X11; Linux x86_64) AppleWebKit/537.36 (KHTML, like Gecko) Chrome/142.0.0.0 Safari/537.36\"","service":"catalyst-api"}
{"level":"info","message":"Hello from Catalyst!","service":"catalyst-api"}
{"level":"info","message":"::1 - - [05/Dec/2025:09:21:46 +0000] \"GET / HTTP/1.1\" 200 24 \"-\" \"PostmanRuntime/7.39.1\"","service":"catalyst-api"}
{"level":"info","message":"::1 - - [05/Dec/2025:09:22:38 +0000] \"GET /api HTTP/1.1\" 200 41 \"-\" \"PostmanRuntime/7.39.1\"","service":"catalyst-api"}
{"level":"info","message":"::1 - - [05/Dec/2025:09:23:21 +0000] \"GET /health HTTP/1.1\" 200 77 \"-\" \"PostmanRuntime/7.39.1\"","service":"catalyst-api"}
{"level":"info","message":"::1 - - [05/Dec/2025:09:24:09 +0000] \"GET /health HTTP/1.1\" 200 77 \"-\" \"PostmanRuntime/7.39.1\"","service":"catalyst-api"}
{"level":"info","message":"::1 - - [05/Dec/2025:09:24:29 +0000] \"GET /health HTTP/1.1\" 200 77 \"-\" \"PostmanRuntime/7.39.1\"","service":"catalyst-api"}
{"level":"info","message":"::1 - - [05/Dec/2025:09:25:33 +0000] \"GET /api/auth/sign-in HTTP/1.1\" 404 155 \"-\" \"PostmanRuntime/7.39.1\"","service":"catalyst-api"}
{"level":"info","message":"::1 - - [05/Dec/2025:09:26:24 +0000] \"GET /api/auth/sign-in HTTP/1.1\" 404 155 \"-\" \"PostmanRuntime/7.39.1\"","service":"catalyst-api"}
{"level":"info","message":"::1 - - [05/Dec/2025:09:27:51 +0000] \"POST /api/auth/sign-in HTTP/1.1\" 200 31 \"-\" \"PostmanRuntime/7.39.1\"","service":"catalyst-api"}
{"level":"info","message":"::1 - - [05/Dec/2025:09:27:56 +0000] \"POST /api/auth/sign-in HTTP/1.1\" 200 31 \"-\" \"PostmanRuntime/7.39.1\"","service":"catalyst-api"}
{"level":"info","message":"::1 - - [05/Dec/2025:09:27:57 +0000] \"POST /api/auth/sign-in HTTP/1.1\" 200 31 \"-\" \"PostmanRuntime/7.39.1\"","service":"catalyst-api"}
{"level":"info","message":"::1 - - [05/Dec/2025:09:27:58 +0000] \"POST /api/auth/sign-in HTTP/1.1\" 200 31 \"-\" \"PostmanRuntime/7.39.1\"","service":"catalyst-api"}
{"level":"info","message":"::1 - - [05/Dec/2025:09:27:58 +0000] \"POST /api/auth/sign-in HTTP/1.1\" 200 31 \"-\" \"PostmanRuntime/7.39.1\"","service":"catalyst-api"}
{"level":"info","message":"::1 - - [05/Dec/2025:09:28:04 +0000] \"POST /api/auth/sign-in HTTP/1.1\" 200 31 \"-\" \"PostmanRuntime/7.39.1\"","service":"catalyst-api"}
{"level":"info","message":"::1 - - [05/Dec/2025:09:28:20 +0000] \"GET /api/auth/sign-in HTTP/1.1\" 404 155 \"-\" \"PostmanRuntime/7.39.1\"","service":"catalyst-api"}
{"level":"info","message":"::1 - - [05/Dec/2025:09:28:24 +0000] \"POST /api/auth/sign-in HTTP/1.1\" 200 31 \"-\" \"PostmanRuntime/7.39.1\"","service":"catalyst-api"}
{"level":"info","message":"::1 - - [05/Dec/2025:09:28:33 +0000] \"GET /api HTTP/1.1\" 200 41 \"-\" \"PostmanRuntime/7.39.1\"","service":"catalyst-api"}
{"level":"info","message":"::1 - - [05/Dec/2025:09:30:10 +0000] \"POST /api/auth/sign-in HTTP/1.1\" 200 31 \"-\" \"PostmanRuntime/7.39.1\"","service":"catalyst-api"}
{"level":"info","message":"::1 - - [05/Dec/2025:14:12:14 +0000] \"POST /api/auth/sign-up HTTP/1.1\" 200 31 \"-\" \"PostmanRuntime/7.39.1\"","service":"catalyst-api"}
{"level":"info","message":"::1 - - [05/Dec/2025:14:25:57 +0000] \"GET /claritytext-logo.svg HTTP/1.1\" 404 159 \"-\" \"Mozilla/5.0 (X11; Linux x86_64) AppleWebKit/537.36 (KHTML, like Gecko) Chrome/142.0.0.0 Safari/537.36\"","service":"catalyst-api"}
{"level":"info","message":"::1 - - [05/Dec/2025:14:28:02 +0000] \"POST /api/auth/sign-up HTTP/1.1\" 400 92 \"-\" \"PostmanRuntime/7.39.1\"","service":"catalyst-api"}
{"level":"info","message":"::1 - - [05/Dec/2025:14:31:28 +0000] \"POST /api/auth/sign-up HTTP/1.1\" 400 92 \"-\" \"PostmanRuntime/7.39.1\"","service":"catalyst-api"}
{"level":"info","message":"::1 - - [05/Dec/2025:14:31:47 +0000] \"POST /api/auth/sign-up HTTP/1.1\" 400 92 \"-\" \"PostmanRuntime/7.39.1\"","service":"catalyst-api"}
{"level":"info","message":"::1 - - [05/Dec/2025:14:31:48 +0000] \"POST /api/auth/sign-up HTTP/1.1\" 400 92 \"-\" \"PostmanRuntime/7.39.1\"","service":"catalyst-api"}
{"level":"info","message":"::1 - - [05/Dec/2025:14:32:05 +0000] \"POST /api/auth/sign-up HTTP/1.1\" 400 92 \"-\" \"PostmanRuntime/7.39.1\"","service":"catalyst-api"}
{"level":"info","message":"::1 - - [05/Dec/2025:14:32:20 +0000] \"POST /api/auth/sign-up HTTP/1.1\" 400 144 \"-\" \"PostmanRuntime/7.39.1\"","service":"catalyst-api"}
{"level":"info","message":"::1 - - [05/Dec/2025:14:38:43 +0000] \"POST /api/auth/sign-up HTTP/1.1\" 400 89 \"-\" \"PostmanRuntime/7.39.1\"","service":"catalyst-api"}
{"level":"info","message":"::1 - - [05/Dec/2025:14:39:01 +0000] \"POST /api/auth/sign-up HTTP/1.1\" 400 89 \"-\" \"PostmanRuntime/7.39.1\"","service":"catalyst-api"}
{"level":"info","message":"::1 - - [05/Dec/2025:14:39:02 +0000] \"POST /api/auth/sign-up HTTP/1.1\" 400 89 \"-\" \"PostmanRuntime/7.39.1\"","service":"catalyst-api"}
{"level":"info","message":"::1 - - [05/Dec/2025:14:39:11 +0000] \"POST /api/auth/sign-up HTTP/1.1\" 400 89 \"-\" \"PostmanRuntime/7.39.1\"","service":"catalyst-api"}
{"level":"info","message":"User registered successfully: contact@diyo.com","service":"catalyst-api"}
{"level":"info","message":"::1 - - [05/Dec/2025:14:39:47 +0000] \"POST /api/auth/sign-up HTTP/1.1\" 201 72 \"-\" \"PostmanRuntime/7.39.1\"","service":"catalyst-api"}
{"level":"info","message":"User registered successfully: contact@diyo.com","service":"catalyst-api"}
{"level":"info","message":"::1 - - [05/Dec/2025:14:40:25 +0000] \"POST /api/auth/sign-up HTTP/1.1\" 201 72 \"-\" \"PostmanRuntime/7.39.1\"","service":"catalyst-api"}
{"level":"info","message":"User registered successfully: contact@diyo.com","service":"catalyst-api"}
{"level":"info","message":"::1 - - [05/Dec/2025:14:42:52 +0000] \"POST /api/auth/sign-up HTTP/1.1\" 201 72 \"-\" \"PostmanRuntime/7.39.1\"","service":"catalyst-api"}
{"level":"info","message":"::1 - - [05/Dec/2025:14:43:19 +0000] \"POST /api/auth/sign-up HTTP/1.1\" 400 89 \"-\" \"PostmanRuntime/7.39.1\"","service":"catalyst-api"}
{"level":"info","message":"User registered successfully: contact@diyo.com","service":"catalyst-api"}
{"level":"info","message":"::1 - - [05/Dec/2025:14:44:45 +0000] \"POST /api/auth/sign-up HTTP/1.1\" 201 72 \"-\" \"PostmanRuntime/7.39.1\"","service":"catalyst-api"}
{"level":"info","message":"User registered successfully: contact@diyo.com","service":"catalyst-api"}
{"level":"info","message":"::1 - - [05/Dec/2025:14:44:51 +0000] \"POST /api/auth/sign-up HTTP/1.1\" 201 72 \"-\" \"PostmanRuntime/7.39.1\"","service":"catalyst-api"}
{"level":"info","message":"User registered successfully: contact@diyo.com","service":"catalyst-api"}
{"level":"info","message":"::1 - - [05/Dec/2025:14:52:24 +0000] \"POST /api/auth/sign-up HTTP/1.1\" 201 72 \"-\" \"PostmanRuntime/7.39.1\"","service":"catalyst-api"}
{"level":"info","message":"User registered successfully: contact@diyo.com","service":"catalyst-api"}
{"level":"info","message":"::1 - - [05/Dec/2025:14:53:37 +0000] \"POST /api/auth/sign-up HTTP/1.1\" 201 72 \"-\" \"PostmanRuntime/7.39.1\"","service":"catalyst-api"}
{"level":"info","message":"User registered successfully: contact@diyo.com","service":"catalyst-api"}
{"level":"info","message":"::1 - - [05/Dec/2025:14:59:21 +0000] \"POST /api/auth/sign-up HTTP/1.1\" 201 72 \"-\" \"PostmanRuntime/7.39.1\"","service":"catalyst-api"}
{"level":"info","message":"User registered successfully: contact@diyo.com","service":"catalyst-api"}
{"level":"info","message":"::1 - - [05/Dec/2025:15:02:23 +0000] \"POST /api/auth/sign-up HTTP/1.1\" 201 100 \"-\" \"PostmanRuntime/7.39.1\"","service":"catalyst-api"}
{"level":"info","message":"User registered successfully: contact@diyo.com","service":"catalyst-api"}
{"level":"info","message":"::1 - - [05/Dec/2025:15:05:15 +0000] \"POST /api/auth/sign-up HTTP/1.1\" 201 100 \"-\" \"PostmanRuntime/7.39.1\"","service":"catalyst-api"}
{"level":"info","message":"User registered successfully: contact@diyo.com","service":"catalyst-api"}
{"level":"info","message":"::1 - - [05/Dec/2025:15:05:35 +0000] \"POST /api/auth/sign-up HTTP/1.1\" 201 100 \"-\" \"PostmanRuntime/7.39.1\"","service":"catalyst-api"}
{"level":"info","message":"::1 - - [05/Dec/2025:19:49:55 +0000] \"GET /space/m572v1e3rnz322tb8q49emwhw97q6pmy/channel/j970xj7zeyf4zmdgqj6tsd6t717q65wp?scrollTo=null HTTP/1.1\" 404 218 \"-\" \"Mozilla/5.0 (X11; Linux x86_64) AppleWebKit/537.36 (KHTML, like Gecko) Chrome/142.0.0.0 Safari/537.36\"","service":"catalyst-api"}
{"level":"info","message":"Hello from Catalyst!","service":"catalyst-api"}
{"level":"info","message":"::1 - - [06/Dec/2025:05:54:27 +0000] \"GET / HTTP/1.1\" 200 24 \"-\" \"Mozilla/5.0 (X11; Linux x86_64) AppleWebKit/537.36 (KHTML, like Gecko) Chrome/142.0.0.0 Safari/537.36\"","service":"catalyst-api"}
{"level":"info","message":"Hello from Catalyst!","service":"catalyst-api"}
{"level":"info","message":"::1 - - [06/Dec/2025:19:48:56 +0000] \"GET / HTTP/1.1\" 304 - \"-\" \"Mozilla/5.0 (X11; Linux x86_64) AppleWebKit/537.36 (KHTML, like Gecko) Chrome/142.0.0.0 Safari/537.36\"","service":"catalyst-api"}
{"level":"info","message":"User peteradmin@email.com created successfully","service":"catalyst-api"}
{"level":"info","message":"User registered successfully: peteradmin@email.com","service":"catalyst-api"}
{"level":"info","message":"::1 - - [07/Dec/2025:06:16:48 +0000] \"POST /api/auth/sign-up HTTP/1.1\" 201 106 \"-\" \"PostmanRuntime/7.39.1\"","service":"catalyst-api"}
{"level":"info","message":"User peter@email.com created successfully","service":"catalyst-api"}
{"level":"info","message":"User registered successfully: peter@email.com","service":"catalyst-api"}
{"level":"info","message":"::1 - - [07/Dec/2025:06:17:23 +0000] \"POST /api/auth/sign-up HTTP/1.1\" 201 99 \"-\" \"PostmanRuntime/7.39.1\"","service":"catalyst-api"}
{"level":"error","message":"Error creating the user: Error: Failed query: insert into \"users\" (\"id\", \"name\", \"email\", \"password\", \"role\", \"created_at\", \"updated_at\") values (default, $1, $2, $3, $4, default, default) returning \"id\", \"name\", \"email\", \"role\", \"created_at\"\nparams: Diyo,peter@email.com,$2b$10$4lLhkkQZilaeEpE4dqHg6.xtsRGNPbLM00erAvYqs/tnpjkmCYVV2,user","service":"catalyst-api"}
{"cause":{"code":"23505","constraint":"users_email_unique","detail":"Key (email)=(peter@email.com) already exists.","file":"nbtinsert.c","line":"667","name":"NeonDbError","routine":"_bt_check_unique","schema":"public","severity":"ERROR","table":"users"},"level":"error","message":"Error in sign-up: Failed query: insert into \"users\" (\"id\", \"name\", \"email\", \"password\", \"role\", \"created_at\", \"updated_at\") values (default, $1, $2, $3, $4, default, default) returning \"id\", \"name\", \"email\", \"role\", \"created_at\"\nparams: Diyo,peter@email.com,$2b$10$4lLhkkQZilaeEpE4dqHg6.xtsRGNPbLM00erAvYqs/tnpjkmCYVV2,user","params":["Diyo","peter@email.com","$2b$10$4lLhkkQZilaeEpE4dqHg6.xtsRGNPbLM00erAvYqs/tnpjkmCYVV2","user"],"query":"insert into \"users\" (\"id\", \"name\", \"email\", \"password\", \"role\", \"created_at\", \"updated_at\") values (default, $1, $2, $3, $4, default, default) returning \"id\", \"name\", \"email\", \"role\", \"created_at\"","service":"catalyst-api","stack":"Error: Failed query: insert into \"users\" (\"id\", \"name\", \"email\", \"password\", \"role\", \"created_at\", \"updated_at\") values (default, $1, $2, $3, $4, default, default) returning \"id\", \"name\", \"email\", \"role\", \"created_at\"\nparams: Diyo,peter@email.com,$2b$10$4lLhkkQZilaeEpE4dqHg6.xtsRGNPbLM00erAvYqs/tnpjkmCYVV2,user\n    at NeonHttpPreparedQuery.queryWithCache (file:///home/peter/diyo/Projects/Catalyst/catalyst/node_modules/drizzle-orm/pg-core/session.js:41:15)\n    at process.processTicksAndRejections (node:internal/process/task_queues:95:5)\n    at async NeonHttpPreparedQuery.execute (file:///home/peter/diyo/Projects/Catalyst/catalyst/node_modules/drizzle-orm/neon-http/session.js:45:20)\n    at async createUser (file:///home/peter/diyo/Projects/Catalyst/catalyst/src/services/auth.service.js:28:23)\n    at async signup (file:///home/peter/diyo/Projects/Catalyst/catalyst/src/controllers/auth.controller.js:20:18)"}
{"level":"info","message":"::1 - - [07/Dec/2025:06:17:39 +0000] \"POST /api/auth/sign-up HTTP/1.1\" 500 1240 \"-\" \"PostmanRuntime/7.39.1\"","service":"catalyst-api"}
{"level":"error","message":"Error creating the user: Error: Failed query: insert into \"users\" (\"id\", \"name\", \"email\", \"password\", \"role\", \"created_at\", \"updated_at\") values (default, $1, $2, $3, $4, default, default) returning \"id\", \"name\", \"email\", \"role\", \"created_at\"\nparams: Diyo,peter@email.com,$2b$10$UsRjXDVnnYeAD/GUIaqw3OoKxwJGdapmNwgMhoL/A2MDPcnv9ecvm,user","service":"catalyst-api"}
{"cause":{"code":"23505","constraint":"users_email_unique","detail":"Key (email)=(peter@email.com) already exists.","file":"nbtinsert.c","line":"667","name":"NeonDbError","routine":"_bt_check_unique","schema":"public","severity":"ERROR","table":"users"},"level":"error","message":"Error in sign-up: Failed query: insert into \"users\" (\"id\", \"name\", \"email\", \"password\", \"role\", \"created_at\", \"updated_at\") values (default, $1, $2, $3, $4, default, default) returning \"id\", \"name\", \"email\", \"role\", \"created_at\"\nparams: Diyo,peter@email.com,$2b$10$UsRjXDVnnYeAD/GUIaqw3OoKxwJGdapmNwgMhoL/A2MDPcnv9ecvm,user","params":["Diyo","peter@email.com","$2b$10$UsRjXDVnnYeAD/GUIaqw3OoKxwJGdapmNwgMhoL/A2MDPcnv9ecvm","user"],"query":"insert into \"users\" (\"id\", \"name\", \"email\", \"password\", \"role\", \"created_at\", \"updated_at\") values (default, $1, $2, $3, $4, default, default) returning \"id\", \"name\", \"email\", \"role\", \"created_at\"","service":"catalyst-api","stack":"Error: Failed query: insert into \"users\" (\"id\", \"name\", \"email\", \"password\", \"role\", \"created_at\", \"updated_at\") values (default, $1, $2, $3, $4, default, default) returning \"id\", \"name\", \"email\", \"role\", \"created_at\"\nparams: Diyo,peter@email.com,$2b$10$UsRjXDVnnYeAD/GUIaqw3OoKxwJGdapmNwgMhoL/A2MDPcnv9ecvm,user\n    at NeonHttpPreparedQuery.queryWithCache (file:///home/peter/diyo/Projects/Catalyst/catalyst/node_modules/drizzle-orm/pg-core/session.js:41:15)\n    at process.processTicksAndRejections (node:internal/process/task_queues:95:5)\n    at async NeonHttpPreparedQuery.execute (file:///home/peter/diyo/Projects/Catalyst/catalyst/node_modules/drizzle-orm/neon-http/session.js:45:20)\n    at async createUser (file:///home/peter/diyo/Projects/Catalyst/catalyst/src/services/auth.service.js:28:23)\n    at async signup (file:///home/peter/diyo/Projects/Catalyst/catalyst/src/controllers/auth.controller.js:20:18)"}
{"level":"info","message":"::1 - - [07/Dec/2025:06:18:03 +0000] \"POST /api/auth/sign-up HTTP/1.1\" 500 1240 \"-\" \"PostmanRuntime/7.39.1\"","service":"catalyst-api"}
{"level":"error","message":"Error creating the user: Error: Failed query: insert into \"users\" (\"id\", \"name\", \"email\", \"password\", \"role\", \"created_at\", \"updated_at\") values (default, $1, $2, $3, $4, default, default) returning \"id\", \"name\", \"email\", \"role\", \"created_at\"\nparams: Diyo,peter@email.com,$2b$10$JlpR7S/ddvPsB.eTi34k7O1i/pyrNpglpZSpZJZE9DrVg6uGfJFYi,user","service":"catalyst-api"}
{"cause":{"code":"23505","constraint":"users_email_unique","detail":"Key (email)=(peter@email.com) already exists.","file":"nbtinsert.c","line":"667","name":"NeonDbError","routine":"_bt_check_unique","schema":"public","severity":"ERROR","table":"users"},"level":"error","message":"Error in sign-up: Failed query: insert into \"users\" (\"id\", \"name\", \"email\", \"password\", \"role\", \"created_at\", \"updated_at\") values (default, $1, $2, $3, $4, default, default) returning \"id\", \"name\", \"email\", \"role\", \"created_at\"\nparams: Diyo,peter@email.com,$2b$10$JlpR7S/ddvPsB.eTi34k7O1i/pyrNpglpZSpZJZE9DrVg6uGfJFYi,user","params":["Diyo","peter@email.com","$2b$10$JlpR7S/ddvPsB.eTi34k7O1i/pyrNpglpZSpZJZE9DrVg6uGfJFYi","user"],"query":"insert into \"users\" (\"id\", \"name\", \"email\", \"password\", \"role\", \"created_at\", \"updated_at\") values (default, $1, $2, $3, $4, default, default) returning \"id\", \"name\", \"email\", \"role\", \"created_at\"","service":"catalyst-api","stack":"Error: Failed query: insert into \"users\" (\"id\", \"name\", \"email\", \"password\", \"role\", \"created_at\", \"updated_at\") values (default, $1, $2, $3, $4, default, default) returning \"id\", \"name\", \"email\", \"role\", \"created_at\"\nparams: Diyo,peter@email.com,$2b$10$JlpR7S/ddvPsB.eTi34k7O1i/pyrNpglpZSpZJZE9DrVg6uGfJFYi,user\n    at NeonHttpPreparedQuery.queryWithCache (file:///home/peter/diyo/Projects/Catalyst/catalyst/node_modules/drizzle-orm/pg-core/session.js:41:15)\n    at process.processTicksAndRejections (node:internal/process/task_queues:95:5)\n    at async NeonHttpPreparedQuery.execute (file:///home/peter/diyo/Projects/Catalyst/catalyst/node_modules/drizzle-orm/neon-http/session.js:45:20)\n    at async createUser (file:///home/peter/diyo/Projects/Catalyst/catalyst/src/services/auth.service.js:28:23)\n    at async signup (file:///home/peter/diyo/Projects/Catalyst/catalyst/src/controllers/auth.controller.js:20:18)"}
{"level":"info","message":"::1 - - [07/Dec/2025:06:18:55 +0000] \"POST /api/auth/sign-up HTTP/1.1\" 500 1240 \"-\" \"PostmanRuntime/7.39.1\"","service":"catalyst-api"}
{"level":"error","message":"Error creating the user: Error: Failed query: insert into \"users\" (\"id\", \"name\", \"email\", \"password\", \"role\", \"created_at\", \"updated_at\") values (default, $1, $2, $3, $4, default, default) returning \"id\", \"name\", \"email\", \"role\", \"created_at\"\nparams: Diyo,peter@email.com,$2b$10$mX2tqKCwvaEL8HJ8S8T9ber/jYqm.lhOKl9SHfSLYS2rhkGGTg2NK,user","service":"catalyst-api"}
{"cause":{"code":"23505","constraint":"users_email_unique","detail":"Key (email)=(peter@email.com) already exists.","file":"nbtinsert.c","line":"667","name":"NeonDbError","routine":"_bt_check_unique","schema":"public","severity":"ERROR","table":"users"},"level":"error","message":"Error in sign-up: Failed query: insert into \"users\" (\"id\", \"name\", \"email\", \"password\", \"role\", \"created_at\", \"updated_at\") values (default, $1, $2, $3, $4, default, default) returning \"id\", \"name\", \"email\", \"role\", \"created_at\"\nparams: Diyo,peter@email.com,$2b$10$mX2tqKCwvaEL8HJ8S8T9ber/jYqm.lhOKl9SHfSLYS2rhkGGTg2NK,user","params":["Diyo","peter@email.com","$2b$10$mX2tqKCwvaEL8HJ8S8T9ber/jYqm.lhOKl9SHfSLYS2rhkGGTg2NK","user"],"query":"insert into \"users\" (\"id\", \"name\", \"email\", \"password\", \"role\", \"created_at\", \"updated_at\") values (default, $1, $2, $3, $4, default, default) returning \"id\", \"name\", \"email\", \"role\", \"created_at\"","service":"catalyst-api","stack":"Error: Failed query: insert into \"users\" (\"id\", \"name\", \"email\", \"password\", \"role\", \"created_at\", \"updated_at\") values (default, $1, $2, $3, $4, default, default) returning \"id\", \"name\", \"email\", \"role\", \"created_at\"\nparams: Diyo,peter@email.com,$2b$10$mX2tqKCwvaEL8HJ8S8T9ber/jYqm.lhOKl9SHfSLYS2rhkGGTg2NK,user\n    at NeonHttpPreparedQuery.queryWithCache (file:///home/peter/diyo/Projects/Catalyst/catalyst/node_modules/drizzle-orm/pg-core/session.js:41:15)\n    at process.processTicksAndRejections (node:internal/process/task_queues:95:5)\n    at async NeonHttpPreparedQuery.execute (file:///home/peter/diyo/Projects/Catalyst/catalyst/node_modules/drizzle-orm/neon-http/session.js:45:20)\n    at async createUser (file:///home/peter/diyo/Projects/Catalyst/catalyst/src/services/auth.service.js:28:23)\n    at async signup (file:///home/peter/diyo/Projects/Catalyst/catalyst/src/controllers/auth.controller.js:20:18)"}
{"level":"info","message":"::1 - - [07/Dec/2025:06:19:29 +0000] \"POST /api/auth/sign-up HTTP/1.1\" 500 1240 \"-\" \"PostmanRuntime/7.39.1\"","service":"catalyst-api"}
{"level":"info","message":"User prince@email.com created successfully","service":"catalyst-api"}
{"level":"info","message":"User registered successfully: prince@email.com","service":"catalyst-api"}
{"level":"info","message":"::1 - - [07/Dec/2025:06:19:59 +0000] \"POST /api/auth/sign-up HTTP/1.1\" 201 102 \"-\" \"PostmanRuntime/7.39.1\"","service":"catalyst-api"}
{"level":"info","message":"Hello from Catalyst!","service":"catalyst-api"}
{"level":"info","message":"::1 - - [07/Dec/2025:06:30:58 +0000] \"GET / HTTP/1.1\" 200 24 \"-\" \"Mozilla/5.0 (X11; Linux x86_64) AppleWebKit/537.36 (KHTML, like Gecko) Chrome/142.0.0.0 Safari/537.36\"","service":"catalyst-api"}
{"level":"info","message":"::1 - - [07/Dec/2025:06:30:59 +0000] \"GET /favicon.ico HTTP/1.1\" 404 150 \"-\" \"Mozilla/5.0 (X11; Linux x86_64) AppleWebKit/537.36 (KHTML, like Gecko) Chrome/142.0.0.0 Safari/537.36\"","service":"catalyst-api"}
